Timestamp               Ty Process[PID:TID]
2026-09-21 20:43:50.498 E  Mountline[50005:19f9da6] [com.clerk.sdk:Clerk] ❌ [ERROR] 2026-09-21 20:43:50.505 ClerkErrorThrowingResponseMiddleware.swift:16 validate(_:data:for:) - Network request failed for endpoint: https://clerk.mountline.dev/v1/client?_is_native=true (Status: 400)
   Error: ClerkAPIError(code: "native_api_disabled", message: Optional("Native API disabled"), longMessage: Optional("The Native API is disabled for this instance. Visit the Clerk Dashboard to enable it."), meta: nil, clerkTraceId: Optional("35507130f2f2713f21d84f8ba1006ab9"))
   Description: The Native API is disabled for this instance. Visit the Clerk Dashboard to enable it.
2026-09-21 20:43:50.498 E  Mountline[50005:19f9da6] [com.clerk.sdk:Clerk] ❌ [ERROR] 2026-09-21 20:43:50.509 ClerkErrorThrowingResponseMiddleware.swift:16 validate(_:data:for:) - Network request failed for endpoint: https://clerk.mountline.dev/v1/environment?_is_native=true (Status: 400)
   Error: ClerkAPIError(code: "native_api_disabled", message: Optional("Native API disabled"), longMessage: Optional("The Native API is disabled for this instance. Visit the Clerk Dashboard to enable it."), meta: nil, clerkTraceId: Optional("488503427b4ccab39df3de20c6d1b372"))
   Description: The Native API is disabled for this instance. Visit the Clerk Dashboard to enable it.
2026-09-21 20:43:51.093 E  Mountline[50005:19f9da6] [com.clerk.sdk:Clerk] ❌ [ERROR] 2026-09-21 20:43:51.104 ClerkErrorThrowingResponseMiddleware.swift:16 validate(_:data:for:) - Network request failed for endpoint: https://clerk.mountline.dev/v1/client?_is_native=true (Status: 400)
   Error: ClerkAPIError(code: "native_api_disabled", message: Optional("Native API disabled"), longMessage: Optional("The Native API is disabled for this instance. Visit the Clerk Dashboard to enable it."), meta: nil, clerkTraceId: Optional("a1beb3588688ca9e315ee802867d9319"))
   Description: The Native API is disabled for this instance. Visit the Clerk Dashboard to enable it.
2026-09-21 20:43:51.103 E  Mountline[50005:19f9da6] [com.clerk.sdk:Clerk] ❌ [ERROR] 2026-09-21 20:43:51.114 ClerkErrorThrowingResponseMiddleware.swift:16 validate(_:data:for:) - Network request failed for endpoint: https://clerk.mountline.dev/v1/environment?_is_native=true (Status: 400)
   Error: ClerkAPIError(code: "native_api_disabled", message: Optional("Native API disabled"), longMessage: Optional("The Native API is disabled for this instance. Visit the Clerk Dashboard to enable it."), meta: nil, clerkTraceId: Optional("ff0708024551735726968011c911b5b3"))
   Description: The Native API is disabled for this instance. Visit the Clerk Dashboard to enable it.
2026-09-21 20:43:52.203 E  Mountline[50005:19f9da6] [com.clerk.sdk:Clerk] ❌ [ERROR] 2026-09-21 20:43:52.213 ClerkErrorThrowingResponseMiddleware.swift:16 validate(_:data:for:) - Network request failed for endpoint: https://clerk.mountline.dev/v1/environment?_is_native=true (Status: 400)
   Error: ClerkAPIError(code: "native_api_disabled", message: Optional("Native API disabled"), longMessage: Optional("The Native API is disabled for this instance. Visit the Clerk Dashboard to enable it."), meta: nil, clerkTraceId: Optional("8187037eff72ec559cb9a905020cc886"))
   Description: The Native API is disabled for this instance. Visit the Clerk Dashboard to enable it.
2026-09-21 20:43:52.203 E  Mountline[50005:19f9da6] [com.clerk.sdk:Clerk] ❌ [ERROR] 2026-09-21 20:43:52.213 Clerk.swift:418 installConfiguration(dependencies:) - 🚨 Failed to load environment
   Error: ClerkAPIError(code: "native_api_disabled", message: Optional("Native API disabled"), longMessage: Optional("The Native API is disabled for this instance. Visit the Clerk Dashboard to enable it."), meta: nil, clerkTraceId: Optional("8187037eff72ec559cb9a905020cc886"))
   Description: The Native API is disabled for this instance. Visit the Clerk Dashboard to enable it.
2026-09-21 20:43:52.203 E  Mountline[50005:19f9da6] [com.clerk.sdk:Clerk] ❌ [ERROR] 2026-09-21 20:43:52.214 ClerkErrorThrowingResponseMiddleware.swift:16 validate(_:data:for:) - Network request failed for endpoint: https://clerk.mountline.dev/v1/client?_is_native=true (Status: 400)
   Error: ClerkAPIError(code: "native_api_disabled", message: Optional("Native API disabled"), longMessage: Optional("The Native API is disabled for this instance. Visit the Clerk Dashboard to enable it."), meta: nil, clerkTraceId: Optional("2e66b8d0fe7fd4bc114e609f4146b8bc"))
   Description: The Native API is disabled for this instance. Visit the Clerk Dashboard to enable it.
2026-09-21 20:43:52.203 E  Mountline[50005:19f9da6] [com.clerk.sdk:Clerk] ❌ [ERROR] 2026-09-21 20:43:52.214 Clerk.swift:458 startStartupClientRefreshIfNeeded(after:) - 🚨 Failed to load client
   Error: ClerkAPIError(code: "native_api_disabled", message: Optional("Native API disabled"), longMessage: Optional("The Native API is disabled for this instance. Visit the Clerk Dashboard to enable it."), meta: nil, clerkTraceId: Optional("2e66b8d0fe7fd4bc114e609f4146b8bc"))
   Description: The Native API is disabled for this instance. Visit the Clerk Dashboard to enable it.
